../Core/Src/main.c:148:5:__io_putchar	16	static
../Core/Src/main.c:153:6:HAL_UART_RxCpltCallback	16	static
../Core/Src/main.c:186:5:main	16	static
../Core/Src/main.c:292:6:SystemClock_Config	72	static
../Core/Src/main.c:329:13:MX_I2C2_Init	8	static
../Core/Src/main.c:363:13:MX_TIM4_Init	32	static
../Core/Src/main.c:408:13:MX_USART2_UART_Init	8	static
../Core/Src/main.c:441:13:MX_GPIO_Init	40	static
../Core/Src/main.c:483:6:StartDefaultTask	16	static
../Core/Src/main.c:501:6:Task_DHT	24	static
../Core/Src/main.c:546:6:Task_Dist	24	static
../Core/Src/main.c:577:6:Task_InterruptHandler	32	static
../Core/Src/main.c:650:6:Task_LCD	32	static
../Core/Src/main.c:708:6:HAL_TIM_PeriodElapsedCallback	16	static
../Core/Src/main.c:725:6:Error_Handler	4	static,ignoring_inline_asm
