../Drivers/CMSIS/Include/core_cm3.h:1511:22:__NVIC_EnableIRQ	16	static
../Drivers/CMSIS/Include/core_cm3.h:1547:22:__NVIC_DisableIRQ	16	static,ignoring_inline_asm
../Core/Src/main.c:102:5:__io_putchar	16	static
../Core/Src/main.c:109:6:HAL_UART_RxCpltCallback	16	static
../Core/Src/main.c:127:6:TASK_UART_Handler	24	static
../Core/Src/main.c:185:6:TASK_Dht_Sense	8	static
../Core/Src/main.c:193:6:TASK_Dist_Sense	8	static
../Core/Src/main.c:201:6:TASK_lcd_Measurement	24	static
../Core/Src/main.c:238:6:HAL_TIM_PeriodElapsedCallback	16	static
../Core/Src/main.c:248:5:main	16	static
../Core/Src/main.c:309:6:SystemClock_Config	72	static
../Core/Src/main.c:349:13:MX_I2C2_Init	8	static
../Core/Src/main.c:383:13:MX_TIM1_Init	32	static
../Core/Src/main.c:429:13:MX_TIM4_Init	32	static
../Core/Src/main.c:474:13:MX_USART2_UART_Init	8	static
../Core/Src/main.c:507:13:MX_GPIO_Init	40	static
../Core/Src/main.c:546:6:Error_Handler	4	static,ignoring_inline_asm
