../Core/Src/main.c:101:5:__io_putchar	16	static
../Core/Src/main.c:108:6:HAL_UART_RxCpltCallback	16	static
../Core/Src/main.c:127:6:HAL_TIM_PeriodElapsedCallback	16	static
../Core/Src/main.c:141:6:Task_Dht_handler	8	static
../Core/Src/main.c:149:6:Task_Dist_handler	8	static
../Core/Src/main.c:155:6:Task_Display_handler	24	static
../Core/Src/main.c:192:6:Task_Uart_Handler	24	static
../Core/Src/main.c:260:5:main	24	static
../Core/Src/main.c:316:6:SystemClock_Config	72	static
../Core/Src/main.c:356:13:MX_I2C2_Init	8	static
../Core/Src/main.c:390:13:MX_TIM1_Init	32	static
../Core/Src/main.c:436:13:MX_TIM2_Init	32	static
../Core/Src/main.c:481:13:MX_TIM3_Init	32	static
../Core/Src/main.c:526:13:MX_USART2_UART_Init	8	static
../Core/Src/main.c:559:13:MX_GPIO_Init	40	static
../Core/Src/main.c:598:6:Error_Handler	4	static,ignoring_inline_asm
